root@comp3134Winter2024:~# apt-get install nmap
Reading package lists... Done
Building dependency tree... Done
Reading state information... Done
The following additional packages will be installed:
  libblas3 liblinear4 lua-lpeg nmap-common
Suggested packages:
  liblinear-tools liblinear-dev ncat ndiff zenmap
The following NEW packages will be installed:
  libblas3 liblinear4 lua-lpeg nmap nmap-common
0 upgraded, 5 newly installed, 0 to remove and 64 not upgraded.
Need to get 5973 kB of archives.
After this operation, 26.3 MB of additional disk space will be used.
Do you want to continue? [Y/n] y
Get:1 http://mirrors.digitalocean.com/ubuntu jammy/main amd64 libblas3 amd64 3.10.0-2ubuntu1 [228 kB]
Get:2 http://mirrors.digitalocean.com/ubuntu jammy/universe amd64 liblinear4 amd64 2.3.0+dfsg-5 [41.4 kB]
Get:3 http://mirrors.digitalocean.com/ubuntu jammy/universe amd64 lua-lpeg amd64 1.0.2-1 [31.4 kB]
Get:4 http://mirrors.digitalocean.com/ubuntu jammy-updates/universe amd64 nmap-common all 7.91+dfsg1+really7.80+dfsg1-2ubuntu0.1 [3940 kB]
Get:5 http://mirrors.digitalocean.com/ubuntu jammy-updates/universe amd64 nmap amd64 7.91+dfsg1+really7.80+dfsg1-2ubuntu0.1 [1731 kB]
Fetched 5973 kB in 0s (16.3 MB/s)
Selecting previously unselected package libblas3:amd64.
(Reading database ... 97428 files and directories currently installed.)
Preparing to unpack .../libblas3_3.10.0-2ubuntu1_amd64.deb ...
Unpacking libblas3:amd64 (3.10.0-2ubuntu1) ...
Selecting previously unselected package liblinear4:amd64.
Preparing to unpack .../liblinear4_2.3.0+dfsg-5_amd64.deb ...
Unpacking liblinear4:amd64 (2.3.0+dfsg-5) ...
Selecting previously unselected package lua-lpeg:amd64.
Preparing to unpack .../lua-lpeg_1.0.2-1_amd64.deb ...
Unpacking lua-lpeg:amd64 (1.0.2-1) ...
Selecting previously unselected package nmap-common.
Preparing to unpack .../nmap-common_7.91+dfsg1+really7.80+dfsg1-2ubuntu0.1_all.deb ...
Unpacking nmap-common (7.91+dfsg1+really7.80+dfsg1-2ubuntu0.1) ...
Selecting previously unselected package nmap.
Preparing to unpack .../nmap_7.91+dfsg1+really7.80+dfsg1-2ubuntu0.1_amd64.deb ...
Unpacking nmap (7.91+dfsg1+really7.80+dfsg1-2ubuntu0.1) ...
Setting up lua-lpeg:amd64 (1.0.2-1) ...
Setting up libblas3:amd64 (3.10.0-2ubuntu1) ...
update-alternatives: using /usr/lib/x86_64-linux-gnu/blas/libblas.so.3 to provide /usr/lib/x86_64-linux-gnu/libblas.so.3 (libblas.so.3-x86_64-linux-gnu) in auto mode
Setting up nmap-common (7.91+dfsg1+really7.80+dfsg1-2ubuntu0.1) ...
Setting up liblinear4:amd64 (2.3.0+dfsg-5) ...
Setting up nmap (7.91+dfsg1+really7.80+dfsg1-2ubuntu0.1) ...
Processing triggers for man-db (2.10.2-1) ...
Processing triggers for libc-bin (2.35-0ubuntu3.6) ...
Scanning processes...                                                           
Scanning candidates...                                                          
Scanning linux images...                                                        

Restarting services...
 /etc/needrestart/restart.d/systemd-manager
 systemctl restart apache2.service mysql.service packagekit.service ssh.service systemd-journald.service systemd-networkd.service systemd-resolved.service systemd-timesyncd.service systemd-udevd.service
Service restarts being deferred:
 /etc/needrestart/restart.d/dbus.service
 systemctl restart getty@tty1.service
 systemctl restart networkd-dispatcher.service
 systemctl restart systemd-logind.service
 systemctl restart unattended-upgrades.service
 systemctl restart user@0.service

No containers need to be restarted.

No user sessions are running outdated binaries.

No VM guests are running outdated hypervisor (qemu) binaries on this host.
root@comp3134Winter2024:~# nmap --version
Nmap version 7.80 ( https://nmap.org )
Platform: x86_64-pc-linux-gnu
Compiled with: liblua-5.3.6 openssl-3.0.2 nmap-libssh2-1.8.2 libz-1.2.11 libpcre-8.45 libpcap-1.10.1 nmap-libdnet-1.12 ipv6
Compiled without:
Available nsock engines: epoll poll select
root@comp3134Winter2024:~# nmap georgebrown.ca
Starting Nmap 7.80 ( https://nmap.org ) at 2024-02-17 02:33 UTC
Nmap scan report for georgebrown.ca (99.79.139.11)
Host is up (0.0084s latency).
rDNS record for 99.79.139.11: ec2-99-79-139-11.ca-central-1.compute.amazonaws.com
Not shown: 997 filtered ports
PORT    STATE SERVICE
22/tcp  open  ssh
80/tcp  open  http
443/tcp open  https

Nmap done: 1 IP address (1 host up) scanned in 4.81 seconds
root@comp3134Winter2024:~# nmap-p 80 georgebrown.ca
nmap-p: command not found
root@comp3134Winter2024:~# nmap -p 80 georgebrown.ca
Starting Nmap 7.80 ( https://nmap.org ) at 2024-02-17 02:36 UTC
Nmap scan report for georgebrown.ca (99.79.139.11)
Host is up (0.0084s latency).
rDNS record for 99.79.139.11: ec2-99-79-139-11.ca-central-1.compute.amazonaws.com

PORT   STATE SERVICE
80/tcp open  http

Nmap done: 1 IP address (1 host up) scanned in 0.06 seconds
root@comp3134Winter2024:~# nmap -p 22-25 georgebrown.ca
Starting Nmap 7.80 ( https://nmap.org ) at 2024-02-17 02:38 UTC
Nmap scan report for georgebrown.ca (99.79.139.11)
Host is up (0.0085s latency).
rDNS record for 99.79.139.11: ec2-99-79-139-11.ca-central-1.compute.amazonaws.com

PORT   STATE    SERVICE
22/tcp open     ssh
23/tcp filtered telnet
24/tcp filtered priv-mail
25/tcp filtered smtp

Nmap done: 1 IP address (1 host up) scanned in 1.27 seconds
root@comp3134Winter2024:~# nmap -f georgebrown.ca
Starting Nmap 7.80 ( https://nmap.org ) at 2024-02-17 02:39 UTC
Nmap scan report for georgebrown.ca (99.79.139.11)
Host is up (0.0089s latency).
rDNS record for 99.79.139.11: ec2-99-79-139-11.ca-central-1.compute.amazonaws.com
All 1000 scanned ports on georgebrown.ca (99.79.139.11) are filtered

Nmap done: 1 IP address (1 host up) scanned in 21.13 seconds
root@comp3134Winter2024:~# 
